[Licensing::Module] Trying to connect to existing licensing client channel...
Built from '6000.3/staging' branch; Version is '6000.3.4f1 (fdd3b8998ec4) revision 16634808'; Using compiler version '194234433'; Build Type 'Release'
[Licensing::IpcConnector] Successfully connected to: "LicenseClient-shiva" at "2026-05-05T19:25:52.8885362Z"
OS: 'Windows 11  (10.0.26200) CoreSingleLanguage' Language: 'en' Physical Memory: 16149 MB
BatchMode: 1, IsHumanControllingUs: 0, StartBugReporterOnCrash: 0, Is64bit: 1
System  architecture: x64
Process architecture: x64
Date: 2026-05-05T19:25:52Z

COMMAND LINE ARGUMENTS:
C:\Program Files\Unity\Hub\Editor\6000.3.4f1\Editor\Unity.exe
-batchmode
-quit
-projectPath
C:\Users\shiva\OneDrive\Documents\project
-executeMethod
CricketGame.EditorTools.CricketPrototypeSceneBuilder.RebuildAllPlayableScenes
-logFile
C:\Users\shiva\OneDrive\Documents\project\UnityMay06FixBuild.log
Successfully changed project path to: C:\Users\shiva\OneDrive\Documents\project
C:/Users/shiva/OneDrive/Documents/project
Exiting without the bug reporter. Application will terminate with return code 1