[Licensing::Module] Trying to connect to existing licensing client channel...
Built from '6000.3/staging' branch; Version is '6000.3.4f1 (fdd3b8998ec4) revision 16634808'; Using compiler version '194234433'; Build Type 'Release'
OS: 'Windows 11  (10.0.26200) CoreSingleLanguage' Language: 'en' Physical Memory: 16149 MB
BatchMode: 1, IsHumanControllingUs: 0, StartBugReporterOnCrash: 0, Is64bit: 1
System  architecture: x64
Process architecture: x64
Date: 2026-05-05T10:32:13Z
[Licensing::IpcConnector] Successfully connected to: "LicenseClient-shiva" at "2026-05-05T10:32:13.5038481Z"

COMMAND LINE ARGUMENTS:
C:\Program Files\Unity\Hub\Editor\6000.3.4f1\Editor\Unity.exe
-batchmode
-quit
-projectPath
C:\Users\shiva\OneDrive\Documents\project
-executeMethod
CricketGame.EditorTools.CricketPrototypeSceneBuilder.RebuildAllPlayableScenes
-logFile
C:\Users\shiva\OneDrive\Documents\project\UnityFinalPolishRebuild.log
Successfully changed project path to: C:\Users\shiva\OneDrive\Documents\project
C:/Users/shiva/OneDrive/Documents/project
DisplayDialog: Recovering Scene Backups Scene backups from a previous Editor session have been detected. Your scene might have been backed up when an Editor instance did not close correctly. 

Do you want to copy and preserve these backups in Assets/_Recovery/?
This should not be called in batch mode.
[UnityMemory] Configuration Parameters - Can be set up in boot.config
    "memorysetup-temp-allocator-size-nav-mesh-worker=65536"
    "memorysetup-temp-allocator-size-audio-worker=65536"
    "memorysetup-temp-allocator-size-gfx=262144"
    "memorysetup-allocator-temp-initial-block-size-main=262144"
    "memorysetup-allocator-temp-initial-block-size-worker=262144"
    "memorysetup-temp-allocator-size-background-worker=32768"
    "memorysetup-temp-allocator-size-job-worker=262144"
    "memorysetup-temp-allocator-size-preload-manager=33554432"
    "memorysetup-temp-allocator-size-gi-baking-worker=262144"
    "memorysetup-temp-allocator-size-gi-baking-worker=262144"
    "memorysetup-temp-allocator-size-gi-baking-worker=262144"
    "memorysetup-temp-allocator-size-gi-baking-worker=262144"
    "memorysetup-temp-allocator-size-gi-baking-worker=262144"
    "memorysetup-bucket-allocator-granularity=16"
    "memorysetup-bucket-allocator-bucket-count=8"
    "memorysetup-bucket-allocator-block-size=33554432"
    "memorysetup-bucket-allocator-block-count=8"
    "memorysetup-main-allocator-block-size=16777216"
    "memorysetup-thread-allocator-block-size=16777216"
    "memorysetup-gfx-main-allocator-block-size=16777216"
    "memorysetup-gfx-thread-allocator-block-size=16777216"
    "memorysetup-cache-allocator-block-size=4194304"
    "memorysetup-typetree-allocator-block-size=2097152"
    "memorysetup-profiler-bucket-allocator-granularity=16"
    "memorysetup-profiler-bucket-allocator-bucket-count=8"
    "memorysetup-profiler-bucket-allocator-block-size=33554432"
    "memorysetup-profiler-bucket-allocator-block-count=8"
    "memorysetup-profiler-allocator-block-size=16777216"
    "memorysetup-profiler-editor-allocator-block-size=1048576"
    "memorysetup-temp-allocator-size-main=16777216"
    "memorysetup-job-temp-allocator-block-size=2097152"
    "memorysetup-job-temp-allocator-block-size-background=1048576"
    "memorysetup-job-temp-allocator-reduction-small-platforms=262144"
    "memorysetup-temp-allocator-size-cloud-worker=32768"
Player connection [10252]  Target information:

Player connection [10252]  * "[IP] 10.35.57.7 [Port] 55504 [Flags] 2 [Guid] 2965356811 [EditorId] 2965356811 [Version] 1048832 [Id] WindowsEditor(7,Shivam) [Debug] 1 [PackageName] WindowsEditor [ProjectName] Editor" 

Player connection [10252] Host joined multi-casting on [225.0.0.222:54997]...
Player connection [10252] Host joined alternative multi-casting on [225.0.0.222:34997]...
Input System module state changed to: Initialized.
[Physics::Module] Initialized fallback backend.
[Physics::Module] Id: 0xdecafbad
[Package Manager] Connected to IPC stream "Upm-1392" after 0.5 seconds.
[Licensing::Module] Licensing is not yet initialized.
[Licensing::Client] Handshaking with LicensingClient:
  Version:                 1.17.4+4293ba1
  Session Id:              6f7d3c317d2b498493e2f9d955bd2499
  Correlation Id:          8632c6b34202dc89a90816cf7977ced8
  External correlation Id: 7175815734269175103
  Machine Id:              5ekdei4pa0E4g/gZvINGrE+lCGc=
[Licensing::Module] Successfully connected to LicensingClient on channel: "LicenseClient-shiva" (connect: 0.00s, validation: 0.00s, handshake: 4.48s)
[Licensing::IpcConnector] Successfully connected to: "LicenseClient-shiva-notifications" at "2026-05-05T10:32:17.991906Z"
[Licensing::Module] Error: Access token is unavailable; failed to update
[Licensing::Client] Successfully resolved entitlement details
[Licensing::Module] License group:
  Id: 13469812523496-UnityPersXXXX
  Product: Unity Personal
  Type: Assigned
  Expiration: Unlimited
[Licensing::Client] Successfully updated license, isAsync: True, time: 0.00
[Licensing::Client] Successfully resolved entitlement details
[Licensing::Module] Licensing Background thread has ended after 4.51s
[Licensing::Module] Licensing is initialized (took 3.72s).
[Licensing::Client] Successfully resolved entitlement details
Library Redirect Path: Library/
[Physics::Module] Selected backend.
[Physics::Module] Name: PhysX
[Physics::Module] Id: 0xf2b8ea05
[Physics::Module] SDK Version: 4.1.2
[Physics::Module] Integration Version: 1.0.0
[Physics::Module] Threading Mode: Multi-Threaded
Refreshing native plugins compatible for Editor in 0.00 ms, found 0 plugins.
Preloading 0 native plugins for Editor in 0.00 ms.
Initialize engine version: 6000.3.4f1 (fdd3b8998ec4)
[Subsystems] Discovering subsystems at path C:/Program Files/Unity/Hub/Editor/6000.3.4f1/Editor/Data/Resources/UnitySubsystems
[Subsystems] Discovering subsystems at path C:/Users/shiva/OneDrive/Documents/project/Assets
GfxDevice: creating device client; kGfxThreadingModeNonThreaded
Direct3D:
    Version:  Direct3D 11.0 [level 11.1]
    Renderer: Intel(R) Iris(R) Xe Graphics (ID=0x9a49)
    Vendor:   Intel
    VRAM:     8074 MB
    Driver:   31.0.101.4502
Initialize mono
Mono path[0] = 'C:/Program Files/Unity/Hub/Editor/6000.3.4f1/Editor/Data/Managed'
Mono path[1] = 'C:/Program Files/Unity/Hub/Editor/6000.3.4f1/Editor/Data/MonoBleedingEdge/lib/mono/unityjit-win32'
Mono config path = 'C:/Program Files/Unity/Hub/Editor/6000.3.4f1/Editor/Data/MonoBleedingEdge/etc'
Using monoOptions --debugger-agent=transport=dt_socket,embedding=1,server=y,suspend=n,address=127.0.0.1:56392
Using cacheserver namespaces - metadata:defaultmetadata, artifacts:defaultartifacts
Using cacheserver namespaces - metadata:defaultmetadata, artifacts:defaultartifacts
ImportWorker Server TCP listen port: 0
AcceleratorClientConnectionCallback - disconnected - :0
Begin MonoManager ReloadAssembly
Registering precompiled unity dll's ...
Register platform support module: C:/Program Files/Unity/Hub/Editor/6000.3.4f1/Editor/Data/PlaybackEngines/WindowsStandaloneSupport/UnityEditor.WindowsStandalone.Extensions.dll
Registered in 0.002536 seconds.
- Loaded All Assemblies, in  0.959 seconds
Native extension for WindowsStandalone target not found
ScheduleIndexationOnStartup MainProcess:False IndexOnStartup:True
Mono: successfully reloaded assembly
- Finished resetting the current domain, in  0.714 seconds
Domain Reload Profiling: 1662ms
	BeginReloadAssembly (368ms)
		ExecutionOrderSort (0ms)
		DisableScriptedObjects (0ms)
		BackupInstance (0ms)
		ReleaseScriptingObjects (0ms)
		CreateAndSetChildDomain (10ms)
	RebuildCommonClasses (92ms)
	RebuildNativeTypeToScriptingClass (18ms)
	initialDomainReloadingComplete (135ms)
	LoadAllAssembliesAndSetupDomain (334ms)
		LoadAssemblies (346ms)
		RebuildTransferFunctionScriptingTraits (0ms)
		AnalyzeDomain (321ms)
			TypeCache.Refresh (316ms)
				TypeCache.ScanAssembly (280ms)
			BuildScriptInfoCaches (0ms)
			ResolveRequiredComponents (1ms)
	FinalizeReload (715ms)
		ReleaseScriptCaches (0ms)
		RebuildScriptCaches (0ms)
		SetupLoadedEditorAssemblies (639ms)
			LogAssemblyErrors (0ms)
			InitializePlatformSupportModulesInManaged (98ms)
			SetLoadedEditorAssemblies (8ms)
			BeforeProcessingInitializeOnLoad (161ms)
			ProcessInitializeOnLoadAttributes (254ms)
			ProcessInitializeOnLoadMethodAttributes (118ms)
			AfterProcessingInitializeOnLoad (0ms)
			EditorAssembliesLoaded (0ms)
		ExecutionOrderSort2 (0ms)
		AwakeInstancesAfterBackupRestoration (0ms)
[Licensing::Client] Successfully resolved entitlement details
Application.AssetDatabase Initial Refresh Start
Package Manager log level set to [2]
[Package Manager] Restoring resolved packages state from cache
[Licensing::Client] Successfully resolved entitlement details
[Package Manager] Registered 37 packages:
  Built-in packages:
    com.unity.multiplayer.center@1.0.1 (location: C:\Users\shiva\OneDrive\Documents\project\Library\PackageCache\com.unity.multiplayer.center@f01f4ba8d00a)
    com.unity.modules.accessibility@1.0.0 (location: C:\Program Files\Unity\Hub\Editor\6000.3.4f1\Editor\Data\Resources\PackageManager\BuiltInPackages\com.unity.modules.accessibility)
    com.unity.modules.adaptiveperformance@1.0.0 (location: C:\Program Files\Unity\Hub\Editor\6000.3.4f1\Editor\Data\Resources\PackageManager\BuiltInPackages\com.unity.modules.adaptiveperformance)
    com.unity.modules.ai@1.0.0 (location: C:\Program Files\Unity\Hub\Editor\6000.3.4f1\Editor\Data\Resources\PackageManager\BuiltInPackages\com.unity.modules.ai)
    com.unity.modules.androidjni@1.0.0 (location: C:\Program Files\Unity\Hub\Editor\6000.3.4f1\Editor\Data\Resources\PackageManager\BuiltInPackages\com.unity.modules.androidjni)
    com.unity.modules.animation@1.0.0 (location: C:\Program Files\Unity\Hub\Editor\6000.3.4f1\Editor\Data\Resources\PackageManager\BuiltInPackages\com.unity.modules.animation)
    com.unity.modules.assetbundle@1.0.0 (location: C:\Program Files\Unity\Hub\Editor\6000.3.4f1\Editor\Data\Resources\PackageManager\BuiltInPackages\com.unity.modules.assetbundle)
    com.unity.modules.audio@1.0.0 (location: C:\Program Files\Unity\Hub\Editor\6000.3.4f1\Editor\Data\Resources\PackageManager\BuiltInPackages\com.unity.modules.audio)
    com.unity.modules.cloth@1.0.0 (location: C:\Program Files\Unity\Hub\Editor\6000.3.4f1\Editor\Data\Resources\PackageManager\BuiltInPackages\com.unity.modules.cloth)
    com.unity.modules.director@1.0.0 (location: C:\Program Files\Unity\Hub\Editor\6000.3.4f1\Editor\Data\Resources\PackageManager\BuiltInPackages\com.unity.modules.director)
    com.unity.modules.imageconversion@1.0.0 (location: C:\Program Files\Unity\Hub\Editor\6000.3.4f1\Editor\Data\Resources\PackageManager\BuiltInPackages\com.unity.modules.imageconversion)
    com.unity.modules.imgui@1.0.0 (location: C:\Program Files\Unity\Hub\Editor\6000.3.4f1\Editor\Data\Resources\PackageManager\BuiltInPackages\com.unity.modules.imgui)
    com.unity.modules.jsonserialize@1.0.0 (location: C:\Program Files\Unity\Hub\Editor\6000.3.4f1\Editor\Data\Resources\PackageManager\BuiltInPackages\com.unity.modules.jsonserialize)
    com.unity.modules.particlesystem@1.0.0 (location: C:\Program Files\Unity\Hub\Editor\6000.3.4f1\Editor\Data\Resources\PackageManager\BuiltInPackages\com.unity.modules.particlesystem)
    com.unity.modules.physics@1.0.0 (location: C:\Program Files\Unity\Hub\Editor\6000.3.4f1\Editor\Data\Resources\PackageManager\BuiltInPackages\com.unity.modules.physics)
    com.unity.modules.physics2d@1.0.0 (location: C:\Program Files\Unity\Hub\Editor\6000.3.4f1\Editor\Data\Resources\PackageManager\BuiltInPackages\com.unity.modules.physics2d)
    com.unity.modules.screencapture@1.0.0 (location: C:\Program Files\Unity\Hub\Editor\6000.3.4f1\Editor\Data\Resources\PackageManager\BuiltInPackages\com.unity.modules.screencapture)
    com.unity.modules.terrain@1.0.0 (location: C:\Program Files\Unity\Hub\Editor\6000.3.4f1\Editor\Data\Resources\PackageManager\BuiltInPackages\com.unity.modules.terrain)
    com.unity.modules.terrainphysics@1.0.0 (location: C:\Program Files\Unity\Hub\Editor\6000.3.4f1\Editor\Data\Resources\PackageManager\BuiltInPackages\com.unity.modules.terrainphysics)
    com.unity.modules.tilemap@1.0.0 (location: C:\Program Files\Unity\Hub\Editor\6000.3.4f1\Editor\Data\Resources\PackageManager\BuiltInPackages\com.unity.modules.tilemap)
    com.unity.modules.ui@1.0.0 (location: C:\Program Files\Unity\Hub\Editor\6000.3.4f1\Editor\Data\Resources\PackageManager\BuiltInPackages\com.unity.modules.ui)
    com.unity.modules.uielements@1.0.0 (location: C:\Program Files\Unity\Hub\Editor\6000.3.4f1\Editor\Data\Resources\PackageManager\BuiltInPackages\com.unity.modules.uielements)
    com.unity.modules.umbra@1.0.0 (location: C:\Program Files\Unity\Hub\Editor\6000.3.4f1\Editor\Data\Resources\PackageManager\BuiltInPackages\com.unity.modules.umbra)
    com.unity.modules.unityanalytics@1.0.0 (location: C:\Program Files\Unity\Hub\Editor\6000.3.4f1\Editor\Data\Resources\PackageManager\BuiltInPackages\com.unity.modules.unityanalytics)
    com.unity.modules.unitywebrequest@1.0.0 (location: C:\Program Files\Unity\Hub\Editor\6000.3.4f1\Editor\Data\Resources\PackageManager\BuiltInPackages\com.unity.modules.unitywebrequest)
    com.unity.modules.unitywebrequestassetbundle@1.0.0 (location: C:\Program Files\Unity\Hub\Editor\6000.3.4f1\Editor\Data\Resources\PackageManager\BuiltInPackages\com.unity.modules.unitywebrequestassetbundle)
    com.unity.modules.unitywebrequestaudio@1.0.0 (location: C:\Program Files\Unity\Hub\Editor\6000.3.4f1\Editor\Data\Resources\PackageManager\BuiltInPackages\com.unity.modules.unitywebrequestaudio)
    com.unity.modules.unitywebrequesttexture@1.0.0 (location: C:\Program Files\Unity\Hub\Editor\6000.3.4f1\Editor\Data\Resources\PackageManager\BuiltInPackages\com.unity.modules.unitywebrequesttexture)
    com.unity.modules.unitywebrequestwww@1.0.0 (location: C:\Program Files\Unity\Hub\Editor\6000.3.4f1\Editor\Data\Resources\PackageManager\BuiltInPackages\com.unity.modules.unitywebrequestwww)
    com.unity.modules.vectorgraphics@1.0.0 (location: C:\Program Files\Unity\Hub\Editor\6000.3.4f1\Editor\Data\Resources\PackageManager\BuiltInPackages\com.unity.modules.vectorgraphics)
    com.unity.modules.vehicles@1.0.0 (location: C:\Program Files\Unity\Hub\Editor\6000.3.4f1\Editor\Data\Resources\PackageManager\BuiltInPackages\com.unity.modules.vehicles)
    com.unity.modules.video@1.0.0 (location: C:\Program Files\Unity\Hub\Editor\6000.3.4f1\Editor\Data\Resources\PackageManager\BuiltInPackages\com.unity.modules.video)
    com.unity.modules.vr@1.0.0 (location: C:\Program Files\Unity\Hub\Editor\6000.3.4f1\Editor\Data\Resources\PackageManager\BuiltInPackages\com.unity.modules.vr)
    com.unity.modules.wind@1.0.0 (location: C:\Program Files\Unity\Hub\Editor\6000.3.4f1\Editor\Data\Resources\PackageManager\BuiltInPackages\com.unity.modules.wind)
    com.unity.modules.xr@1.0.0 (location: C:\Program Files\Unity\Hub\Editor\6000.3.4f1\Editor\Data\Resources\PackageManager\BuiltInPackages\com.unity.modules.xr)
    com.unity.modules.subsystems@1.0.0 (location: C:\Program Files\Unity\Hub\Editor\6000.3.4f1\Editor\Data\Resources\PackageManager\BuiltInPackages\com.unity.modules.subsystems)
    com.unity.modules.hierarchycore@1.0.0 (location: C:\Program Files\Unity\Hub\Editor\6000.3.4f1\Editor\Data\Resources\PackageManager\BuiltInPackages\com.unity.modules.hierarchycore)
[Subsystems] No new subsystems found in resolved package list.
[Package Manager] Done registering packages in 0.04 seconds
[ScriptCompilation] Requested script compilation because: Assetdatabase observed changes in script compilation related files
Starting: C:\Program Files\Unity\Hub\Editor\6000.3.4f1\Editor\Data\Tools\BuildPipeline\bee_backend.exe --ipc --defer-dag-verification --dagfile="Library/Bee/1900b0aE.dag" --continue-on-failure --profile="Library/Bee/backend1.traceevents" ScriptAssemblies
WorkingDir: C:/Users/shiva/OneDrive/Documents/project
DisplayProgressbar: Compiling Scripts
Starting: C:\Program Files\Unity\Hub\Editor\6000.3.4f1\Editor\Data\netcorerun\netcorerun.exe "C:\Program Files\Unity\Hub\Editor\6000.3.4f1\Editor\Data\Tools\BuildPipeline\ScriptCompilationBuildProgram.exe" "Library/Bee/1900b0aE.dag.json" "Library/Bee/1900b0aE-inputdata.json" "Library\Bee\buildprogram0.traceevents"
WorkingDir: C:/Users/shiva/OneDrive/Documents/project
ExitCode: 4 Duration: 3s947ms
Rebuilding DAG because FileSignature timestamp changed: Library/Bee/1900b0aE-inputdata.json
[167/173    3s] Csc Library/Bee/artifacts/1900b0aE.dag/CricketGame.Runtime.dll (+2 others)
*** Tundra requires additional run (3.85 seconds), 1 items updated, 166 evaluated
ExitCode: 0 Duration: 0s523ms
Starting: C:\Program Files\Unity\Hub\Editor\6000.3.4f1\Editor\Data\Tools\BuildPipeline\bee_backend.exe --ipc --defer-dag-verification --dagfile="Library/Bee/1900b0aE.dag" --continue-on-failure --dagfilejson="Library\Bee\1900b0aE.dag.json" --profile="Library/Bee/backend2.traceevents" ScriptAssemblies
WorkingDir: C:/Users/shiva/OneDrive/Documents/project
ExitCode: 0 Duration: 1s352ms
Finished compiling graph: 176 nodes, 931 flattened edges (909 ToBuild, 8 ToUse), maximum node priority 26
[168/173    0s] CopyFiles Library/ScriptAssemblies/CricketGame.Runtime.pdb
[169/173    0s] CopyFiles Library/ScriptAssemblies/CricketGame.Runtime.dll
[170/173    0s] Csc Library/Bee/artifacts/1900b0aE.dag/CricketGame.Editor.dll (+2 others)
[171/173    0s] CopyFiles Library/ScriptAssemblies/CricketGame.Editor.pdb
[172/173    0s] CopyFiles Library/ScriptAssemblies/CricketGame.Editor.dll
*** Tundra build success (1.27 seconds), 5 items updated, 173 evaluated
AssetDatabase: script compilation time: 6.884377s
Begin MonoManager ReloadAssembly
- Loaded All Assemblies, in  1.626 seconds
Refreshing native plugins compatible for Editor in 0.00 ms, found 0 plugins.
Native extension for WindowsStandalone target not found
ScheduleIndexationOnStartup MainProcess:True IndexOnStartup:True
Mono: successfully reloaded assembly
- Finished resetting the current domain, in  0.835 seconds
Domain Reload Profiling: 2453ms
	BeginReloadAssembly (682ms)
		ExecutionOrderSort (0ms)
		DisableScriptedObjects (18ms)
		BackupInstance (0ms)
		ReleaseScriptingObjects (0ms)
		CreateAndSetChildDomain (199ms)
	RebuildCommonClasses (129ms)
	RebuildNativeTypeToScriptingClass (38ms)
	initialDomainReloadingComplete (53ms)
	LoadAllAssembliesAndSetupDomain (714ms)
		LoadAssemblies (1074ms)
		RebuildTransferFunctionScriptingTraits (0ms)
		AnalyzeDomain (22ms)
			TypeCache.Refresh (14ms)
				TypeCache.ScanAssembly (6ms)
			BuildScriptInfoCaches (3ms)
			ResolveRequiredComponents (1ms)
	FinalizeReload (836ms)
		ReleaseScriptCaches (0ms)
		RebuildScriptCaches (0ms)
		SetupLoadedEditorAssemblies (593ms)
			LogAssemblyErrors (0ms)
			InitializePlatformSupportModulesInManaged (41ms)
			SetLoadedEditorAssemblies (3ms)
			BeforeProcessingInitializeOnLoad (234ms)
			ProcessInitializeOnLoadAttributes (228ms)
			ProcessInitializeOnLoadMethodAttributes (74ms)
			AfterProcessingInitializeOnLoad (12ms)
			EditorAssembliesLoaded (0ms)
		ExecutionOrderSort2 (0ms)
		AwakeInstancesAfterBackupRestoration (15ms)
Refreshing native plugins compatible for Editor in 0.00 ms, found 0 plugins.
Preloading 0 native plugins for Editor in 0.00 ms.
Asset Pipeline Refresh (id=d7fe1e3fa6fae174db4c91df1246a6f3): Total: 9.719 seconds - Initiated by InitialRefreshV2(ForceSynchronousImport)
	Summary:
		Imports: total=0 (actual=0, local cache=0, cache server=0)
		Asset DB Process Time: managed=0 ms, native=1032 ms
		Asset DB Callback time: managed=104 ms, native=52 ms
		Scripting: domain reloads=1, domain reload time=1628 ms, compile time=6889 ms, other=11 ms
		Project Asset Count: scripts=128, non-scripts=122
		Asset File Changes: new=0, changed=2, moved=0, deleted=0
		Scan Filter Count: 0
	InvokeCustomDependenciesCallbacks: 0.002ms
	InvokePackagesCallback: 50.611ms
	ApplyChangesToAssetFolders: 1.316ms
	Scan: 58.221ms
	OnSourceAssetsModified: 1.229ms
	CategorizeAssetsWithTransientArtifact: 0.537ms
	ProcessAssetsWithTransientArtifactChanges: 2.753ms
	CategorizeAssets: 2.880ms
	ImportOutOfDateAssets: 837.732ms (-6052.313ms without children)
		CompileScripts: 6889.365ms
		ReloadNativeAssets: 0.001ms
		UnloadImportedAssets: 0.187ms
		EnsureUptoDateAssetsAreRegisteredWithGuidPM: 0.078ms
		InitializingProgressBar: 0.001ms
		PostProcessAllAssetNotificationsAddChangedAssets: 0.001ms
		OnDemandSchedulerStart: 0.412ms
	PostProcessAllAssets: 107.606ms
	Hotreload: 0.615ms
	GatherAllCurrentPrimaryArtifactRevisions: 0.008ms
	UnloadStreamsBegin: 1.919ms
	PersistCurrentRevisions: 0.035ms
	UnloadStreamsEnd: 0.002ms
	GenerateScriptTypeHashes: 0.472ms
	Untracked: 8653.120ms

Application.AssetDatabase Initial Refresh End
Launched and connected shader compiler UnityShaderCompiler.exe after 0.02 seconds
Scanning for USB devices : 1.075ms
Initializing Unity extensions:
[MODES] ModeService[none].Initialize
[MODES] ModeService[none].LoadModes
[MODES] Loading mode Default (0) for mode-current-id-project
Unloading 3 Unused Serialized files (Serialized files now loaded: 0)
Unloading 95 unused Assets / (507.6 KB). Loaded Objects now: 699.
Memory consumption went from 89.5 MB to 89.1 MB.
Total: 9.095700 ms (FindLiveObjects: 0.061500 ms CreateObjectMapping: 0.010400 ms MarkObjects: 8.061200 ms  DeleteObjects: 0.960300 ms)

Start importing Assets/Scenes/Backups/CricketPrototype_BeforeSync_20260505_160231.unity using Guid(bcb092a865c18574e8d7103544bab275) (DefaultImporter) -> (artifact id: '7277001f6c1c12dc2108f188a1a6eb52') in 0.0118035 seconds
Refreshing native plugins compatible for Editor in 0.00 ms, found 0 plugins.
Preloading 0 native plugins for Editor in 0.00 ms.
Asset Pipeline Refresh (id=79d57c11ba20f2c45ba06c2188966108): Total: 0.082 seconds - Initiated by StopAssetImportingV2(NoUpdateAssetOptions)
Scene backup saved: Assets/Scenes/Backups/CricketPrototype_BeforeSync_20260505_160231.unity
UnityEngine.Debug:ExtractStackTraceNoAlloc (byte*,int,string)
UnityEngine.StackTraceUtility:ExtractStackTrace ()
UnityEngine.DebugLogHandler:Internal_Log (UnityEngine.LogType,UnityEngine.LogOption,string,UnityEngine.Object)
UnityEngine.DebugLogHandler:LogFormat (UnityEngine.LogType,UnityEngine.Object,string,object[])
UnityEngine.Logger:Log (UnityEngine.LogType,object)
UnityEngine.Debug:Log (object)
CricketGame.EditorTools.CricketPrototypeSceneBuilder:BackupAsset (string,string) (at Assets/Editor/SceneBuilder/CricketPrototypeSceneBuilder.cs:214)
CricketGame.EditorTools.CricketPrototypeSceneBuilder:RebuildAllPlayableScenes () (at Assets/Editor/SceneBuilder/CricketPrototypeSceneBuilder.cs:122)

(Filename: Assets/Editor/SceneBuilder/CricketPrototypeSceneBuilder.cs Line: 214)

Unloading 0 Unused Serialized files (Serialized files now loaded: 0)
Unloading 1 unused Assets / (0.8 KB). Loaded Objects now: 706.
Memory consumption went from 87.8 MB to 87.8 MB.
Total: 10.101100 ms (FindLiveObjects: 0.074200 ms CreateObjectMapping: 0.015300 ms MarkObjects: 9.980400 ms  DeleteObjects: 0.029200 ms)

Asset Pipeline Refresh (id=e7d28ccaa6fefcf47b804ef8416471d8): Total: 0.017 seconds - Initiated by StopAssetImportingV2(NoUpdateAssetOptions)
Start importing Assets/Materials/Board_Purple.mat using Guid(4151277c53c251a4c835e34341749f29) (NativeFormatImporter) -> (artifact id: '62e3ceb99f5dad95944161c93429cc3e') in 0.0041089 seconds
Start importing Assets/Materials/Window_Blue.mat using Guid(b10c89d57c3239140b730d4a0c945f9d) (NativeFormatImporter) -> (artifact id: '697caa565eb99b3c384812ad6a60d939') in 0.0036986 seconds
Start importing Assets/Materials/Trim_White.mat using Guid(532c4a78a982fff408c990eb15d0119f) (NativeFormatImporter) -> (artifact id: 'dc107720aa9989b48d7122993d632716') in 0.0059954 seconds
Start importing Assets/Materials/Seat_Yellow.mat using Guid(8383a7a598e546a40bdec9ee9109f230) (NativeFormatImporter) -> (artifact id: 'e76b09f1ec0c4ab53544a8986b2796d3') in 0.0059394 seconds
Start importing Assets/Materials/Ball_Red.mat using Guid(147cb1db70743c5478116a7d45a3eec2) (NativeFormatImporter) -> (artifact id: '6338057beeaf53da5450fb3fb81e6c48') in 0.0048816 seconds
Start importing Assets/Materials/Ground_Grass.mat using Guid(651772938f308db4797196f248229ac7) (NativeFormatImporter) -> (artifact id: '2a3f25fa14d72f76be6787a7171e8f7c') in 0.0073204 seconds
Start importing Assets/Materials/Line_White.mat using Guid(65fc19c7e54dd494aa9931f48624add1) (NativeFormatImporter) -> (artifact id: 'd26c0188f5e34265864e386055c46bc8') in 0.0049284 seconds
Start importing Assets/Materials/Seat_Blue.mat using Guid(57719ff63659b694f83a400feaed262e) (NativeFormatImporter) -> (artifact id: '84b1c69d623d3f83cb20f7781dbf92aa') in 0.0051651 seconds
Start importing Assets/Materials/Pitch_Clay.mat using Guid(a83548055c76a8543a7bfb0f0804391d) (NativeFormatImporter) -> (artifact id: '26bbed25ff0466d27392e74c4753736e') in 0.0060571 seconds
Start importing Assets/Materials/Scoreboard_Black.mat using Guid(39dd0039e6b27e44998756c7739a84d8) (NativeFormatImporter) -> (artifact id: '8b08cb262e936837f2fb5bc700b5b43e') in 0.0059617 seconds
Start importing Assets/Materials/Tree_Green.mat using Guid(5afad909486f204409d36347e7b71298) (NativeFormatImporter) -> (artifact id: '8b62aaa8ac2b328d88960ddf098d9e9e') in 0.0078427 seconds
Start importing Assets/Materials/Floodlight_Cyan.mat using Guid(2cf8138b47a85014aa3b77eaf341a1a3) (NativeFormatImporter) -> (artifact id: 'e6608df45f48f23a6c36af83e52a7098') in 0.0050129 seconds
Start importing Assets/Materials/Wall_Maroon.mat using Guid(7cfb681a890c6f542a9a4845d601b702) (NativeFormatImporter) -> (artifact id: '651bde83a513a1206f95e446b335fd8a') in 0.0064579 seconds
Start importing Assets/Materials/Bat_Wood.mat using Guid(ad748e7e0021c6744870dc9070972b71) (NativeFormatImporter) -> (artifact id: '17dd27ef8de7b95f1babf116ec3c0a32') in 0.0051517 seconds
Start importing Assets/Materials/Umpire_Black.mat using Guid(4e4061197523f1446b3578f8e50d68fd) (NativeFormatImporter) -> (artifact id: 'bfbe92279167117820421e14cac9f3fd') in 0.0050283 seconds
Start importing Assets/Materials/Player_Blue.mat using Guid(5e08eda3663459f459ee0f85cd8bedd5) (NativeFormatImporter) -> (artifact id: 'c3501a568a1e28e09fd064311557177b') in 0.0077755 seconds
Start importing Assets/Materials/Building_Grey.mat using Guid(ce0166286615a584cbfdc1cbf6bc54a5) (NativeFormatImporter) -> (artifact id: '96728f5f9e4f4d64e5e016bb24ad14ea') in 0.0062086 seconds
Start importing Assets/Materials/Ball_Physics.asset using Guid(2191b7f235dda894dac3dacb5b7b6316) (NativeFormatImporter) -> (artifact id: 'ea1d7bc880df0672f080fcda691f6086') in 0.0065305 seconds
Refreshing native plugins compatible for Editor in 0.00 ms, found 0 plugins.
Preloading 0 native plugins for Editor in 0.00 ms.
Asset Pipeline Refresh (id=56a75e087ee600240a1d8eb740337039): Total: 0.157 seconds - Initiated by StopAssetImportingV2(NoUpdateAssetOptions)
Start importing Assets/Scenes/CricketPrototype.unity using Guid(a2556629d4205ed40bfbcf31f9d5b9a6) (DefaultImporter) -> (artifact id: 'c7db5009b7a0859b5ed90026ea93ced9') in 0.0022504 seconds
Refreshing native plugins compatible for Editor in 0.00 ms, found 0 plugins.
Preloading 0 native plugins for Editor in 0.00 ms.
Asset Pipeline Refresh (id=268b14ef6baaa9749bdf9421e8e096c6): Total: 0.054 seconds - Initiated by StopAssetImportingV2(NoUpdateAssetOptions)
Asset Pipeline Refresh (id=ef00283b1b89e464c9f859462109d31e): Total: 0.032 seconds - Initiated by RefreshV2(NoUpdateAssetOptions)
Start importing Assets/Scenes/Backups/MyCricketStadiumDesign_BeforeSync_20260505_160232.unity using Guid(1218e134d112ce5448ff402a7cfbeccf) (DefaultImporter) -> (artifact id: '1907b3a31e787f0726e8e5fcbda37614') in 0.0024065 seconds
Refreshing native plugins compatible for Editor in 0.00 ms, found 0 plugins.
Preloading 0 native plugins for Editor in 0.00 ms.
Asset Pipeline Refresh (id=f528c5505269ab848893b4329d8f12f2): Total: 0.079 seconds - Initiated by StopAssetImportingV2(NoUpdateAssetOptions)
Scene backup saved: Assets/Scenes/Backups/MyCricketStadiumDesign_BeforeSync_20260505_160232.unity
UnityEngine.Debug:ExtractStackTraceNoAlloc (byte*,int,string)
UnityEngine.StackTraceUtility:ExtractStackTrace ()
UnityEngine.DebugLogHandler:Internal_Log (UnityEngine.LogType,UnityEngine.LogOption,string,UnityEngine.Object)
UnityEngine.DebugLogHandler:LogFormat (UnityEngine.LogType,UnityEngine.Object,string,object[])
UnityEngine.Logger:Log (UnityEngine.LogType,object)
UnityEngine.Debug:Log (object)
CricketGame.EditorTools.CricketPrototypeSceneBuilder:BackupAsset (string,string) (at Assets/Editor/SceneBuilder/CricketPrototypeSceneBuilder.cs:214)
CricketGame.EditorTools.CricketPrototypeSceneBuilder:RebuildAllPlayableScenes () (at Assets/Editor/SceneBuilder/CricketPrototypeSceneBuilder.cs:122)

(Filename: Assets/Editor/SceneBuilder/CricketPrototypeSceneBuilder.cs Line: 214)

Unloading 0 Unused Serialized files (Serialized files now loaded: 0)
Unloading 28 unused Assets / (24.2 KB). Loaded Objects now: 712.
Memory consumption went from 89.5 MB to 89.5 MB.
Total: 15.240400 ms (FindLiveObjects: 0.088000 ms CreateObjectMapping: 0.015600 ms MarkObjects: 14.988800 ms  DeleteObjects: 0.145500 ms)

Asset Pipeline Refresh (id=866fa9abc9ed6bf42a078b41e3c2bae9): Total: 0.029 seconds - Initiated by StopAssetImportingV2(NoUpdateAssetOptions)
Start importing Assets/Materials/Board_Purple.mat using Guid(4151277c53c251a4c835e34341749f29) (NativeFormatImporter) -> (artifact id: '62e3ceb99f5dad95944161c93429cc3e') in 0.0029641 seconds
Start importing Assets/Materials/Window_Blue.mat using Guid(b10c89d57c3239140b730d4a0c945f9d) (NativeFormatImporter) -> (artifact id: '697caa565eb99b3c384812ad6a60d939') in 0.0036078 seconds
Start importing Assets/Materials/Trim_White.mat using Guid(532c4a78a982fff408c990eb15d0119f) (NativeFormatImporter) -> (artifact id: 'dc107720aa9989b48d7122993d632716') in 0.0044651 seconds
Start importing Assets/Materials/Seat_Yellow.mat using Guid(8383a7a598e546a40bdec9ee9109f230) (NativeFormatImporter) -> (artifact id: 'e76b09f1ec0c4ab53544a8986b2796d3') in 0.0022798 seconds
Start importing Assets/Materials/Ball_Red.mat using Guid(147cb1db70743c5478116a7d45a3eec2) (NativeFormatImporter) -> (artifact id: '6338057beeaf53da5450fb3fb81e6c48') in 0.0025742 seconds
Start importing Assets/Materials/Ground_Grass.mat using Guid(651772938f308db4797196f248229ac7) (NativeFormatImporter) -> (artifact id: '2a3f25fa14d72f76be6787a7171e8f7c') in 0.0023427 seconds
Start importing Assets/Materials/Line_White.mat using Guid(65fc19c7e54dd494aa9931f48624add1) (NativeFormatImporter) -> (artifact id: 'd26c0188f5e34265864e386055c46bc8') in 0.0026579 seconds
Start importing Assets/Materials/Seat_Blue.mat using Guid(57719ff63659b694f83a400feaed262e) (NativeFormatImporter) -> (artifact id: '84b1c69d623d3f83cb20f7781dbf92aa') in 0.0043413 seconds
Start importing Assets/Materials/Pitch_Clay.mat using Guid(a83548055c76a8543a7bfb0f0804391d) (NativeFormatImporter) -> (artifact id: '26bbed25ff0466d27392e74c4753736e') in 0.0030288 seconds
Start importing Assets/Materials/Scoreboard_Black.mat using Guid(39dd0039e6b27e44998756c7739a84d8) (NativeFormatImporter) -> (artifact id: '8b08cb262e936837f2fb5bc700b5b43e') in 0.002944 seconds
Start importing Assets/Materials/Tree_Green.mat using Guid(5afad909486f204409d36347e7b71298) (NativeFormatImporter) -> (artifact id: '8b62aaa8ac2b328d88960ddf098d9e9e') in 0.0025988 seconds
Start importing Assets/Materials/Floodlight_Cyan.mat using Guid(2cf8138b47a85014aa3b77eaf341a1a3) (NativeFormatImporter) -> (artifact id: 'e6608df45f48f23a6c36af83e52a7098') in 0.0036757 seconds
Start importing Assets/Materials/Wall_Maroon.mat using Guid(7cfb681a890c6f542a9a4845d601b702) (NativeFormatImporter) -> (artifact id: '651bde83a513a1206f95e446b335fd8a') in 0.0026995 seconds
Start importing Assets/Materials/Bat_Wood.mat using Guid(ad748e7e0021c6744870dc9070972b71) (NativeFormatImporter) -> (artifact id: '17dd27ef8de7b95f1babf116ec3c0a32') in 0.0022737 seconds
Start importing Assets/Materials/Umpire_Black.mat using Guid(4e4061197523f1446b3578f8e50d68fd) (NativeFormatImporter) -> (artifact id: 'bfbe92279167117820421e14cac9f3fd') in 0.0024635 seconds
Start importing Assets/Materials/Player_Blue.mat using Guid(5e08eda3663459f459ee0f85cd8bedd5) (NativeFormatImporter) -> (artifact id: 'c3501a568a1e28e09fd064311557177b') in 0.0026975 seconds
Start importing Assets/Materials/Building_Grey.mat using Guid(ce0166286615a584cbfdc1cbf6bc54a5) (NativeFormatImporter) -> (artifact id: '96728f5f9e4f4d64e5e016bb24ad14ea') in 0.003316 seconds
Start importing Assets/Materials/Ball_Physics.asset using Guid(2191b7f235dda894dac3dacb5b7b6316) (NativeFormatImporter) -> (artifact id: 'ea1d7bc880df0672f080fcda691f6086') in 0.0033566 seconds
Refreshing native plugins compatible for Editor in 0.00 ms, found 0 plugins.
Preloading 0 native plugins for Editor in 0.00 ms.
Asset Pipeline Refresh (id=7c03566f540fcc842aac56a742e81938): Total: 0.082 seconds - Initiated by StopAssetImportingV2(NoUpdateAssetOptions)
Start importing Assets/Scenes/MyCricketStadiumDesign.unity using Guid(1d00b96268d4750428ea33b36ebc2b9b) (DefaultImporter) -> (artifact id: 'b9d99a81ad452078f0ec1971bdce729e') in 0.0016213 seconds
Refreshing native plugins compatible for Editor in 0.00 ms, found 0 plugins.
Preloading 0 native plugins for Editor in 0.00 ms.
Asset Pipeline Refresh (id=0d7ddbe527689b94da3817e7f8520983): Total: 0.035 seconds - Initiated by StopAssetImportingV2(NoUpdateAssetOptions)
Asset Pipeline Refresh (id=882849be17d69b54398475905c5915b9): Total: 0.019 seconds - Initiated by RefreshV2(NoUpdateAssetOptions)
Start importing Assets/Scenes/Backups/Cricket_50_Marks_Final_BeforeSync_20260505_160232.unity using Guid(a753a3ec5d0af5f49b45df2a6d494c1a) (DefaultImporter) -> (artifact id: '431e6ba7bd127861440ec8288ab87d2d') in 0.0012092 seconds
Refreshing native plugins compatible for Editor in 0.00 ms, found 0 plugins.
Preloading 0 native plugins for Editor in 0.00 ms.
Asset Pipeline Refresh (id=aa2a2deb7b9d1854fa3707139d04706f): Total: 0.055 seconds - Initiated by StopAssetImportingV2(NoUpdateAssetOptions)
Scene backup saved: Assets/Scenes/Backups/Cricket_50_Marks_Final_BeforeSync_20260505_160232.unity
UnityEngine.Debug:ExtractStackTraceNoAlloc (byte*,int,string)
UnityEngine.StackTraceUtility:ExtractStackTrace ()
UnityEngine.DebugLogHandler:Internal_Log (UnityEngine.LogType,UnityEngine.LogOption,string,UnityEngine.Object)
UnityEngine.DebugLogHandler:LogFormat (UnityEngine.LogType,UnityEngine.Object,string,object[])
UnityEngine.Logger:Log (UnityEngine.LogType,object)
UnityEngine.Debug:Log (object)
CricketGame.EditorTools.CricketPrototypeSceneBuilder:BackupAsset (string,string) (at Assets/Editor/SceneBuilder/CricketPrototypeSceneBuilder.cs:214)
CricketGame.EditorTools.CricketPrototypeSceneBuilder:RebuildAllPlayableScenes () (at Assets/Editor/SceneBuilder/CricketPrototypeSceneBuilder.cs:122)

(Filename: Assets/Editor/SceneBuilder/CricketPrototypeSceneBuilder.cs Line: 214)

Unloading 0 Unused Serialized files (Serialized files now loaded: 0)
Unloading 28 unused Assets / (24.2 KB). Loaded Objects now: 712.
Memory consumption went from 89.6 MB to 89.6 MB.
Total: 11.111500 ms (FindLiveObjects: 0.053500 ms CreateObjectMapping: 0.008300 ms MarkObjects: 10.941600 ms  DeleteObjects: 0.104900 ms)

Asset Pipeline Refresh (id=5bbbf8478678a4b419f64cbb41a26e94): Total: 0.015 seconds - Initiated by StopAssetImportingV2(NoUpdateAssetOptions)
Start importing Assets/Materials/Board_Purple.mat using Guid(4151277c53c251a4c835e34341749f29) (NativeFormatImporter) -> (artifact id: '62e3ceb99f5dad95944161c93429cc3e') in 0.002801 seconds
Start importing Assets/Materials/Window_Blue.mat using Guid(b10c89d57c3239140b730d4a0c945f9d) (NativeFormatImporter) -> (artifact id: '697caa565eb99b3c384812ad6a60d939') in 0.00334 seconds
Start importing Assets/Materials/Trim_White.mat using Guid(532c4a78a982fff408c990eb15d0119f) (NativeFormatImporter) -> (artifact id: 'dc107720aa9989b48d7122993d632716') in 0.0040183 seconds
Start importing Assets/Materials/Seat_Yellow.mat using Guid(8383a7a598e546a40bdec9ee9109f230) (NativeFormatImporter) -> (artifact id: 'e76b09f1ec0c4ab53544a8986b2796d3') in 0.0022834 seconds
Start importing Assets/Materials/Ball_Red.mat using Guid(147cb1db70743c5478116a7d45a3eec2) (NativeFormatImporter) -> (artifact id: '6338057beeaf53da5450fb3fb81e6c48') in 0.0023874 seconds
Start importing Assets/Materials/Ground_Grass.mat using Guid(651772938f308db4797196f248229ac7) (NativeFormatImporter) -> (artifact id: '2a3f25fa14d72f76be6787a7171e8f7c') in 0.0026333 seconds
Start importing Assets/Materials/Line_White.mat using Guid(65fc19c7e54dd494aa9931f48624add1) (NativeFormatImporter) -> (artifact id: 'd26c0188f5e34265864e386055c46bc8') in 0.0022065 seconds
Start importing Assets/Materials/Seat_Blue.mat using Guid(57719ff63659b694f83a400feaed262e) (NativeFormatImporter) -> (artifact id: '84b1c69d623d3f83cb20f7781dbf92aa') in 0.0042778 seconds
Start importing Assets/Materials/Pitch_Clay.mat using Guid(a83548055c76a8543a7bfb0f0804391d) (NativeFormatImporter) -> (artifact id: '26bbed25ff0466d27392e74c4753736e') in 0.0031542 seconds
Start importing Assets/Materials/Scoreboard_Black.mat using Guid(39dd0039e6b27e44998756c7739a84d8) (NativeFormatImporter) -> (artifact id: '8b08cb262e936837f2fb5bc700b5b43e') in 0.0025445 seconds
Start importing Assets/Materials/Tree_Green.mat using Guid(5afad909486f204409d36347e7b71298) (NativeFormatImporter) -> (artifact id: '8b62aaa8ac2b328d88960ddf098d9e9e') in 0.0024039 seconds
Start importing Assets/Materials/Floodlight_Cyan.mat using Guid(2cf8138b47a85014aa3b77eaf341a1a3) (NativeFormatImporter) -> (artifact id: 'e6608df45f48f23a6c36af83e52a7098') in 0.0030069 seconds
Start importing Assets/Materials/Wall_Maroon.mat using Guid(7cfb681a890c6f542a9a4845d601b702) (NativeFormatImporter) -> (artifact id: '651bde83a513a1206f95e446b335fd8a') in 0.0049177 seconds
Start importing Assets/Materials/Bat_Wood.mat using Guid(ad748e7e0021c6744870dc9070972b71) (NativeFormatImporter) -> (artifact id: '17dd27ef8de7b95f1babf116ec3c0a32') in 0.0023843 seconds
Start importing Assets/Materials/Umpire_Black.mat using Guid(4e4061197523f1446b3578f8e50d68fd) (NativeFormatImporter) -> (artifact id: 'bfbe92279167117820421e14cac9f3fd') in 0.0024002 seconds
Start importing Assets/Materials/Player_Blue.mat using Guid(5e08eda3663459f459ee0f85cd8bedd5) (NativeFormatImporter) -> (artifact id: 'c3501a568a1e28e09fd064311557177b') in 0.0028858 seconds
Start importing Assets/Materials/Building_Grey.mat using Guid(ce0166286615a584cbfdc1cbf6bc54a5) (NativeFormatImporter) -> (artifact id: '96728f5f9e4f4d64e5e016bb24ad14ea') in 0.0033449 seconds
Start importing Assets/Materials/Ball_Physics.asset using Guid(2191b7f235dda894dac3dacb5b7b6316) (NativeFormatImporter) -> (artifact id: 'ea1d7bc880df0672f080fcda691f6086') in 0.005099 seconds
Refreshing native plugins compatible for Editor in 0.00 ms, found 0 plugins.
Preloading 0 native plugins for Editor in 0.00 ms.
Asset Pipeline Refresh (id=7c1775fee3bf28740ac04d0117b5c7d2): Total: 0.084 seconds - Initiated by StopAssetImportingV2(NoUpdateAssetOptions)
Start importing Assets/Scenes/Cricket_50_Marks_Final.unity using Guid(69ebb0c5a7bb0794caf2b9bbfeb1ecfb) (DefaultImporter) -> (artifact id: '740c972dd3778181102a875f00de25b3') in 0.0016793 seconds
Refreshing native plugins compatible for Editor in 0.00 ms, found 0 plugins.
Preloading 0 native plugins for Editor in 0.00 ms.
Asset Pipeline Refresh (id=a6eb5207c4cf8b942b926ce212fa7769): Total: 0.040 seconds - Initiated by StopAssetImportingV2(NoUpdateAssetOptions)
Asset Pipeline Refresh (id=3dbf8937906a7684198b9006493aba7d): Total: 0.025 seconds - Initiated by RefreshV2(NoUpdateAssetOptions)
Opening scene 'Assets/Scenes/Cricket_50_Marks_Final.unity'
Unloading 0 Unused Serialized files (Serialized files now loaded: 0)
Loaded scene 'Assets/Scenes/Cricket_50_Marks_Final.unity'
	Deserialize:            30.558 ms
	Integration:            8.491 ms
	Integration of assets:  0.011 ms
	Thread Wait Time:       0.016 ms
	Total Operation Time:   39.075 ms
Unloading 3 unused Assets / (1.3 KB). Loaded Objects now: 2801.
Memory consumption went from 90.9 MB to 90.9 MB.
Total: 11.220400 ms (FindLiveObjects: 0.163000 ms CreateObjectMapping: 0.015500 ms MarkObjects: 10.985200 ms  DeleteObjects: 0.055300 ms)

All playable cricket scenes were rebuilt with the latest stadium, wicket, and batsman-entry updates. Press Play in Cricket_50_Marks_Final.
UnityEngine.Debug:ExtractStackTraceNoAlloc (byte*,int,string)
UnityEngine.StackTraceUtility:ExtractStackTrace ()
UnityEngine.DebugLogHandler:Internal_Log (UnityEngine.LogType,UnityEngine.LogOption,string,UnityEngine.Object)
UnityEngine.DebugLogHandler:LogFormat (UnityEngine.LogType,UnityEngine.Object,string,object[])
UnityEngine.Logger:Log (UnityEngine.LogType,object)
UnityEngine.Debug:Log (object)
CricketGame.EditorTools.CricketPrototypeSceneBuilder:RebuildAllPlayableScenes () (at Assets/Editor/SceneBuilder/CricketPrototypeSceneBuilder.cs:130)

(Filename: Assets/Editor/SceneBuilder/CricketPrototypeSceneBuilder.cs Line: 130)

Batchmode quit successfully invoked - shutting down!
[Physics::Module] Cleanup current backend.
[Physics::Module] Id: 0xf2b8ea05
Input System module state changed to: ShutdownInProgress.
Input System polling thread exited.
Input System module state changed to: Shutdown.
[Licensing::IpcConnector] LicenseClient-shiva-notifications channel disconnected successfully.
[Licensing::IpcConnector] LicenseClient-shiva channel disconnected successfully.
AcceleratorClientConnectionCallback - disconnected - :0
Cleanup mono
Exiting batchmode successfully now!
Exiting without the bug reporter. Application will terminate with return code 0